I0331 21:41:21.671422 54322688 master_component.cc:1398] ProcessBatchesArgs: nwt_target_name=nwt, batch_filename_size=5, batch_size=0, batch_weight_size=5, pwt_source_name=pwt, num_document_passes=10, class=(text:1), reuse_theta=no, opt_for_avx=yes, predict_class_id=, reset_nwt=yes
I0331 21:41:21.675699 172179456 processor.cc:747] Processing queue has data, processing started
I0331 21:41:21.675706 175398912 processor.cc:747] Processing queue has data, processing started
I0331 21:41:21.675724 170569728 processor.cc:747] Processing queue has data, processing started
I0331 21:41:21.675729 172716032 processor.cc:747] Processing queue has data, processing started
I0331 21:41:21.675745 171642880 processor.cc:747] Processing queue has data, processing started
I0331 21:41:21.677430 170569728 processor.cc:820] Processor: start processing batch 3e733f8a-bfc9-4f20-9863-8073031eb150 into model nwt
I0331 21:41:21.677457 172179456 processor.cc:820] Processor: start processing batch 640c38ec-8b65-47a5-be87-fd6e33b65ead into model nwt
I0331 21:41:21.677485 175398912 processor.cc:820] Processor: start processing batch dc9c716e-fc18-4a09-bcaa-2c9ba3787af2 into model nwt
I0331 21:41:21.677528 172716032 processor.cc:820] Processor: start processing batch a1417c80-fa02-4408-b7e2-c88a9302dfa0 into model nwt
I0331 21:41:21.677619 171642880 processor.cc:820] Processor: start processing batch 19e9f17f-ccb4-4160-8b62-a8966dcf5ff5 into model nwt
I0331 21:41:21.695858 170569728 processor.cc:925] Processor: complete processing batch 3e733f8a-bfc9-4f20-9863-8073031eb150 into model nwt
I0331 21:41:21.696189 170569728 cuckoo_watch.h:45] 20ms in ProcessBatch(school_batches/aaaaae.batch) [including 1ms in LoadMessage; 0ms in InitializeSparseNdw; 0ms in InitializeTheta; 0ms in CreateRegularizerAgents; 8ms in InferThetaAndUpdateNwtSparse; 5ms in CalculateScore(PerplexityScore); 0ms in CalculateScore(SparsityThetaScore); 2ms in CalculateScore(^^^ItemsProcessedScore^^^); ]
I0331 21:41:21.697829 172179456 processor.cc:925] Processor: complete processing batch 640c38ec-8b65-47a5-be87-fd6e33b65ead into model nwt
I0331 21:41:21.697849 175398912 processor.cc:925] Processor: complete processing batch dc9c716e-fc18-4a09-bcaa-2c9ba3787af2 into model nwt
I0331 21:41:21.697866 171642880 processor.cc:925] Processor: complete processing batch 19e9f17f-ccb4-4160-8b62-a8966dcf5ff5 into model nwt
I0331 21:41:21.698264 175398912 cuckoo_watch.h:45] 22ms in ProcessBatch(school_batches/aaaaab.batch) [including 1ms in LoadMessage; 0ms in InitializeSparseNdw; 0ms in InitializeTheta; 0ms in CreateRegularizerAgents; 9ms in InferThetaAndUpdateNwtSparse; 6ms in CalculateScore(PerplexityScore); 0ms in CalculateScore(SparsityThetaScore); 3ms in CalculateScore(^^^ItemsProcessedScore^^^); ]
I0331 21:41:21.698287 172179456 cuckoo_watch.h:45] 22ms in ProcessBatch(school_batches/aaaaad.batch) [including 1ms in LoadMessage; 0ms in InitializeSparseNdw; 0ms in InitializeTheta; 0ms in CreateRegularizerAgents; 9ms in InferThetaAndUpdateNwtSparse; 6ms in CalculateScore(PerplexityScore); 0ms in CalculateScore(SparsityThetaScore); 3ms in CalculateScore(^^^ItemsProcessedScore^^^); ]
I0331 21:41:21.698319 171642880 cuckoo_watch.h:45] 22ms in ProcessBatch(school_batches/aaaaac.batch) [including 1ms in LoadMessage; 0ms in InitializeSparseNdw; 0ms in InitializeTheta; 0ms in CreateRegularizerAgents; 9ms in InferThetaAndUpdateNwtSparse; 6ms in CalculateScore(PerplexityScore); 0ms in CalculateScore(SparsityThetaScore); 3ms in CalculateScore(^^^ItemsProcessedScore^^^); ]
I0331 21:41:21.698341 172716032 processor.cc:925] Processor: complete processing batch a1417c80-fa02-4408-b7e2-c88a9302dfa0 into model nwt
I0331 21:41:21.698752 172716032 cuckoo_watch.h:45] 23ms in ProcessBatch(school_batches/aaaaaa.batch) [including 1ms in LoadMessage; 0ms in InitializeSparseNdw; 0ms in InitializeTheta; 0ms in CreateRegularizerAgents; 9ms in InferThetaAndUpdateNwtSparse; 6ms in CalculateScore(PerplexityScore); 0ms in CalculateScore(SparsityThetaScore); 3ms in CalculateScore(^^^ItemsProcessedScore^^^); ]
I0331 21:41:21.699993 54322688 master_component.cc:1449] NormalizeModelArgs: pwt_target_name=pwt, nwt_source_name=nwt, rwt_source_name=
I0331 21:41:21.700001 54322688 master_component.cc:1006] MasterComponent: start normalizing model nwt
I0331 21:41:21.715366 54322688 master_component.cc:1034] MasterComponent: complete normalizing model nwt
I0331 21:41:21.720080 170569728 processor.cc:740] No data in processing queue, waiting...
I0331 21:41:21.722098 172179456 processor.cc:740] No data in processing queue, waiting...
I0331 21:41:21.722105 171642880 processor.cc:740] No data in processing queue, waiting...
I0331 21:41:21.722110 175398912 processor.cc:740] No data in processing queue, waiting...
I0331 21:41:21.722447 172716032 processor.cc:740] No data in processing queue, waiting...
I0331 21:41:21.726351 54322688 master_component.cc:1473] DisposeModel rwt
I0331 21:41:21.726357 54322688 master_component.cc:1059] FitOffline: ItemsProcessed, num_items=476, num_batches=5, token_weight=160411, token_weight_in_effect=160411
I0331 21:41:21.726480 54322688 c_interface.cc:389] Pass FitOfflineMasterModelArgs, batch_filename_size=5, batch_weight_size=5, num_collection_passes=1, reset_nwt=yes to MN4artm4core15MasterComponentEFvRKNS_25FitOfflineMasterModelArgsEE
I0331 21:41:21.726487 54322688 master_component.cc:1398] ProcessBatchesArgs: nwt_target_name=nwt, batch_filename_size=5, batch_size=0, batch_weight_size=5, pwt_source_name=pwt, num_document_passes=10, class=(text:1), reuse_theta=no, opt_for_avx=yes, predict_class_id=, reset_nwt=yes
I0331 21:41:21.730778 174862336 processor.cc:747] Processing queue has data, processing started
I0331 21:41:21.730890 172179456 processor.cc:747] Processing queue has data, processing started
I0331 21:41:21.730913 171642880 processor.cc:747] Processing queue has data, processing started
I0331 21:41:21.730914 175398912 processor.cc:747] Processing queue has data, processing started
I0331 21:41:21.731252 173789184 processor.cc:747] Processing queue has data, processing started
I0331 21:41:21.732578 171642880 processor.cc:820] Processor: start processing batch 3e733f8a-bfc9-4f20-9863-8073031eb150 into model nwt
I0331 21:41:21.732604 174862336 processor.cc:820] Processor: start processing batch 640c38ec-8b65-47a5-be87-fd6e33b65ead into model nwt
I0331 21:41:21.732681 172179456 processor.cc:820] Processor: start processing batch dc9c716e-fc18-4a09-bcaa-2c9ba3787af2 into model nwt
I0331 21:41:21.732725 175398912 processor.cc:820] Processor: start processing batch a1417c80-fa02-4408-b7e2-c88a9302dfa0 into model nwt
I0331 21:41:21.733021 173789184 processor.cc:820] Processor: start processing batch 19e9f17f-ccb4-4160-8b62-a8966dcf5ff5 into model nwt
I0331 21:41:21.750921 171642880 processor.cc:925] Processor: complete processing batch 3e733f8a-bfc9-4f20-9863-8073031eb150 into model nwt
I0331 21:41:21.751298 171642880 cuckoo_watch.h:45] 20ms in ProcessBatch(school_batches/aaaaae.batch) [including 1ms in LoadMessage; 0ms in InitializeSparseNdw; 0ms in InitializeTheta; 0ms in CreateRegularizerAgents; 8ms in InferThetaAndUpdateNwtSparse; 5ms in CalculateScore(PerplexityScore); 0ms in CalculateScore(SparsityThetaScore); 2ms in CalculateScore(^^^ItemsProcessedScore^^^); ]
I0331 21:41:21.752602 174862336 processor.cc:925] Processor: complete processing batch 640c38ec-8b65-47a5-be87-fd6e33b65ead into model nwt
I0331 21:41:21.752646 172179456 processor.cc:925] Processor: complete processing batch dc9c716e-fc18-4a09-bcaa-2c9ba3787af2 into model nwt
I0331 21:41:21.752797 175398912 processor.cc:925] Processor: complete processing batch a1417c80-fa02-4408-b7e2-c88a9302dfa0 into model nwt
I0331 21:41:21.752981 174862336 cuckoo_watch.h:45] 22ms in ProcessBatch(school_batches/aaaaad.batch) [including 1ms in LoadMessage; 0ms in InitializeSparseNdw; 0ms in InitializeTheta; 0ms in CreateRegularizerAgents; 9ms in InferThetaAndUpdateNwtSparse; 6ms in CalculateScore(PerplexityScore); 0ms in CalculateScore(SparsityThetaScore); 3ms in CalculateScore(^^^ItemsProcessedScore^^^); ]
I0331 21:41:21.753021 172179456 cuckoo_watch.h:45] 22ms in ProcessBatch(school_batches/aaaaab.batch) [including 1ms in LoadMessage; 0ms in InitializeSparseNdw; 0ms in InitializeTheta; 0ms in CreateRegularizerAgents; 9ms in InferThetaAndUpdateNwtSparse; 6ms in CalculateScore(PerplexityScore); 0ms in CalculateScore(SparsityThetaScore); 3ms in CalculateScore(^^^ItemsProcessedScore^^^); ]
I0331 21:41:21.753172 175398912 cuckoo_watch.h:45] 22ms in ProcessBatch(school_batches/aaaaaa.batch) [including 1ms in LoadMessage; 0ms in InitializeSparseNdw; 0ms in InitializeTheta; 0ms in CreateRegularizerAgents; 9ms in InferThetaAndUpdateNwtSparse; 6ms in CalculateScore(PerplexityScore); 0ms in CalculateScore(SparsityThetaScore); 3ms in CalculateScore(^^^ItemsProcessedScore^^^); ]
I0331 21:41:21.753386 173789184 processor.cc:925] Processor: complete processing batch 19e9f17f-ccb4-4160-8b62-a8966dcf5ff5 into model nwt
I0331 21:41:21.753777 173789184 cuckoo_watch.h:45] 22ms in ProcessBatch(school_batches/aaaaac.batch) [including 1ms in LoadMessage; 0ms in InitializeSparseNdw; 0ms in InitializeTheta; 0ms in CreateRegularizerAgents; 9ms in InferThetaAndUpdateNwtSparse; 6ms in CalculateScore(PerplexityScore); 0ms in CalculateScore(SparsityThetaScore); 3ms in CalculateScore(^^^ItemsProcessedScore^^^); ]
I0331 21:41:21.754256 54322688 master_component.cc:1449] NormalizeModelArgs: pwt_target_name=pwt, nwt_source_name=nwt, rwt_source_name=
I0331 21:41:21.754264 54322688 master_component.cc:1006] MasterComponent: start normalizing model nwt
I0331 21:41:21.769985 54322688 master_component.cc:1034] MasterComponent: complete normalizing model nwt
I0331 21:41:21.775089 171642880 processor.cc:740] No data in processing queue, waiting...
I0331 21:41:21.776902 174862336 processor.cc:740] No data in processing queue, waiting...
I0331 21:41:21.776911 175398912 processor.cc:740] No data in processing queue, waiting...
I0331 21:41:21.776916 172179456 processor.cc:740] No data in processing queue, waiting...
I0331 21:41:21.777604 173789184 processor.cc:740] No data in processing queue, waiting...
I0331 21:41:21.780804 54322688 master_component.cc:1473] DisposeModel rwt
I0331 21:41:21.780812 54322688 master_component.cc:1059] FitOffline: ItemsProcessed, num_items=476, num_batches=5, token_weight=160411, token_weight_in_effect=160411
I0331 21:41:21.780930 54322688 c_interface.cc:389] Pass FitOfflineMasterModelArgs, batch_filename_size=5, batch_weight_size=5, num_collection_passes=1, reset_nwt=yes to MN4artm4core15MasterComponentEFvRKNS_25FitOfflineMasterModelArgsEE
I0331 21:41:21.780937 54322688 master_component.cc:1398] ProcessBatchesArgs: nwt_target_name=nwt, batch_filename_size=5, batch_size=0, batch_weight_size=5, pwt_source_name=pwt, num_document_passes=10, class=(text:1), reuse_theta=no, opt_for_avx=yes, predict_class_id=, reset_nwt=yes
I0331 21:41:21.784471 175398912 processor.cc:747] Processing queue has data, processing started
I0331 21:41:21.784471 174862336 processor.cc:747] Processing queue has data, processing started
I0331 21:41:21.784494 172179456 processor.cc:747] Processing queue has data, processing started
I0331 21:41:21.785009 171642880 processor.cc:747] Processing queue has data, processing started
I0331 21:41:21.785040 171106304 processor.cc:747] Processing queue has data, processing started
I0331 21:41:21.786118 172179456 processor.cc:820] Processor: start processing batch 3e733f8a-bfc9-4f20-9863-8073031eb150 into model nwt
I0331 21:41:21.786242 174862336 processor.cc:820] Processor: start processing batch dc9c716e-fc18-4a09-bcaa-2c9ba3787af2 into model nwt
I0331 21:41:21.786267 175398912 processor.cc:820] Processor: start processing batch 640c38ec-8b65-47a5-be87-fd6e33b65ead into model nwt
I0331 21:41:21.786767 171642880 processor.cc:820] Processor: start processing batch a1417c80-fa02-4408-b7e2-c88a9302dfa0 into model nwt
I0331 21:41:21.786799 171106304 processor.cc:820] Processor: start processing batch 19e9f17f-ccb4-4160-8b62-a8966dcf5ff5 into model nwt
I0331 21:41:21.804327 172179456 processor.cc:925] Processor: complete processing batch 3e733f8a-bfc9-4f20-9863-8073031eb150 into model nwt
I0331 21:41:21.804672 172179456 cuckoo_watch.h:45] 20ms in ProcessBatch(school_batches/aaaaae.batch) [including 1ms in LoadMessage; 0ms in InitializeSparseNdw; 0ms in InitializeTheta; 0ms in CreateRegularizerAgents; 8ms in InferThetaAndUpdateNwtSparse; 5ms in CalculateScore(PerplexityScore); 0ms in CalculateScore(SparsityThetaScore); 2ms in CalculateScore(^^^ItemsProcessedScore^^^); ]
I0331 21:41:21.806046 175398912 processor.cc:925] Processor: complete processing batch 640c38ec-8b65-47a5-be87-fd6e33b65ead into model nwt
I0331 21:41:21.806488 174862336 processor.cc:925] Processor: complete processing batch dc9c716e-fc18-4a09-bcaa-2c9ba3787af2 into model nwt
I0331 21:41:21.806495 175398912 cuckoo_watch.h:45] 22ms in ProcessBatch(school_batches/aaaaad.batch) [including 1ms in LoadMessage; 0ms in InitializeSparseNdw; 0ms in InitializeTheta; 0ms in CreateRegularizerAgents; 9ms in InferThetaAndUpdateNwtSparse; 6ms in CalculateScore(PerplexityScore); 0ms in CalculateScore(SparsityThetaScore); 3ms in CalculateScore(^^^ItemsProcessedScore^^^); ]
I0331 21:41:21.806788 171642880 processor.cc:925] Processor: complete processing batch a1417c80-fa02-4408-b7e2-c88a9302dfa0 into model nwt
I0331 21:41:21.806890 174862336 cuckoo_watch.h:45] 22ms in ProcessBatch(school_batches/aaaaab.batch) [including 1ms in LoadMessage; 0ms in InitializeSparseNdw; 0ms in InitializeTheta; 0ms in CreateRegularizerAgents; 9ms in InferThetaAndUpdateNwtSparse; 6ms in CalculateScore(PerplexityScore); 0ms in CalculateScore(SparsityThetaScore); 3ms in CalculateScore(^^^ItemsProcessedScore^^^); ]
I0331 21:41:21.807099 171106304 processor.cc:925] Processor: complete processing batch 19e9f17f-ccb4-4160-8b62-a8966dcf5ff5 into model nwt
I0331 21:41:21.807130 171642880 cuckoo_watch.h:45] 22ms in ProcessBatch(school_batches/aaaaaa.batch) [including 1ms in LoadMessage; 0ms in InitializeSparseNdw; 0ms in InitializeTheta; 0ms in CreateRegularizerAgents; 9ms in InferThetaAndUpdateNwtSparse; 6ms in CalculateScore(PerplexityScore); 0ms in CalculateScore(SparsityThetaScore); 3ms in CalculateScore(^^^ItemsProcessedScore^^^); ]
I0331 21:41:21.807509 171106304 cuckoo_watch.h:45] 22ms in ProcessBatch(school_batches/aaaaac.batch) [including 1ms in LoadMessage; 0ms in InitializeSparseNdw; 0ms in InitializeTheta; 0ms in CreateRegularizerAgents; 9ms in InferThetaAndUpdateNwtSparse; 6ms in CalculateScore(PerplexityScore); 0ms in CalculateScore(SparsityThetaScore); 3ms in CalculateScore(^^^ItemsProcessedScore^^^); ]
I0331 21:41:21.808246 54322688 master_component.cc:1449] NormalizeModelArgs: pwt_target_name=pwt, nwt_source_name=nwt, rwt_source_name=
I0331 21:41:21.808254 54322688 master_component.cc:1006] MasterComponent: start normalizing model nwt
I0331 21:41:21.823426 54322688 master_component.cc:1034] MasterComponent: complete normalizing model nwt
I0331 21:41:21.828327 172179456 processor.cc:740] No data in processing queue, waiting...
I0331 21:41:21.830363 175398912 processor.cc:740] No data in processing queue, waiting...
I0331 21:41:21.830847 174862336 processor.cc:740] No data in processing queue, waiting...
I0331 21:41:21.830999 171642880 processor.cc:740] No data in processing queue, waiting...
I0331 21:41:21.831072 171106304 processor.cc:740] No data in processing queue, waiting...
I0331 21:41:21.834034 54322688 master_component.cc:1473] DisposeModel rwt
I0331 21:41:21.834041 54322688 master_component.cc:1059] FitOffline: ItemsProcessed, num_items=476, num_batches=5, token_weight=160411, token_weight_in_effect=160411
I0331 21:41:21.834159 54322688 c_interface.cc:389] Pass FitOfflineMasterModelArgs, batch_filename_size=5, batch_weight_size=5, num_collection_passes=1, reset_nwt=yes to MN4artm4core15MasterComponentEFvRKNS_25FitOfflineMasterModelArgsEE
I0331 21:41:21.834213 54322688 master_component.cc:1398] ProcessBatchesArgs: nwt_target_name=nwt, batch_filename_size=5, batch_size=0, batch_weight_size=5, pwt_source_name=pwt, num_document_passes=10, class=(text:1), reuse_theta=no, opt_for_avx=yes, predict_class_id=, reset_nwt=yes
I0331 21:41:21.838397 174862336 processor.cc:747] Processing queue has data, processing started
I0331 21:41:21.838421 172179456 processor.cc:747] Processing queue has data, processing started
I0331 21:41:21.838438 173789184 processor.cc:747] Processing queue has data, processing started
I0331 21:41:21.838575 171642880 processor.cc:747] Processing queue has data, processing started
I0331 21:41:21.838587 171106304 processor.cc:747] Processing queue has data, processing started
I0331 21:41:21.840109 173789184 processor.cc:820] Processor: start processing batch 3e733f8a-bfc9-4f20-9863-8073031eb150 into model nwt
I0331 21:41:21.840149 174862336 processor.cc:820] Processor: start processing batch 640c38ec-8b65-47a5-be87-fd6e33b65ead into model nwt
I0331 21:41:21.840364 171642880 processor.cc:820] Processor: start processing batch a1417c80-fa02-4408-b7e2-c88a9302dfa0 into model nwt
I0331 21:41:21.840374 172179456 processor.cc:820] Processor: start processing batch dc9c716e-fc18-4a09-bcaa-2c9ba3787af2 into model nwt
I0331 21:41:21.840502 171106304 processor.cc:820] Processor: start processing batch 19e9f17f-ccb4-4160-8b62-a8966dcf5ff5 into model nwt
I0331 21:41:21.858363 173789184 processor.cc:925] Processor: complete processing batch 3e733f8a-bfc9-4f20-9863-8073031eb150 into model nwt
I0331 21:41:21.858688 173789184 cuckoo_watch.h:45] 20ms in ProcessBatch(school_batches/aaaaae.batch) [including 1ms in LoadMessage; 0ms in InitializeSparseNdw; 0ms in InitializeTheta; 0ms in CreateRegularizerAgents; 8ms in InferThetaAndUpdateNwtSparse; 5ms in CalculateScore(PerplexityScore); 0ms in CalculateScore(SparsityThetaScore); 2ms in CalculateScore(^^^ItemsProcessedScore^^^); ]
I0331 21:41:21.860035 174862336 processor.cc:925] Processor: complete processing batch 640c38ec-8b65-47a5-be87-fd6e33b65ead into model nwt
I0331 21:41:21.860409 174862336 cuckoo_watch.h:45] 22ms in ProcessBatch(school_batches/aaaaad.batch) [including 1ms in LoadMessage; 0ms in InitializeSparseNdw; 0ms in InitializeTheta; 0ms in CreateRegularizerAgents; 9ms in InferThetaAndUpdateNwtSparse; 6ms in CalculateScore(PerplexityScore); 0ms in CalculateScore(SparsityThetaScore); 3ms in CalculateScore(^^^ItemsProcessedScore^^^); ]
I0331 21:41:21.860673 172179456 processor.cc:925] Processor: complete processing batch dc9c716e-fc18-4a09-bcaa-2c9ba3787af2 into model nwt
I0331 21:41:21.860692 171106304 processor.cc:925] Processor: complete processing batch 19e9f17f-ccb4-4160-8b62-a8966dcf5ff5 into model nwt
I0331 21:41:21.860764 171642880 processor.cc:925] Processor: complete processing batch a1417c80-fa02-4408-b7e2-c88a9302dfa0 into model nwt
I0331 21:41:21.861063 171106304 cuckoo_watch.h:45] 22ms in ProcessBatch(school_batches/aaaaac.batch) [including 1ms in LoadMessage; 0ms in InitializeSparseNdw; 0ms in InitializeTheta; 0ms in CreateRegularizerAgents; 9ms in InferThetaAndUpdateNwtSparse; 6ms in CalculateScore(PerplexityScore); 0ms in CalculateScore(SparsityThetaScore); 3ms in CalculateScore(^^^ItemsProcessedScore^^^); ]
I0331 21:41:21.861079 172179456 cuckoo_watch.h:45] 22ms in ProcessBatch(school_batches/aaaaab.batch) [including 1ms in LoadMessage; 0ms in InitializeSparseNdw; 0ms in InitializeTheta; 0ms in CreateRegularizerAgents; 9ms in InferThetaAndUpdateNwtSparse; 6ms in CalculateScore(PerplexityScore); 0ms in CalculateScore(SparsityThetaScore); 3ms in CalculateScore(^^^ItemsProcessedScore^^^); ]
I0331 21:41:21.861109 171642880 cuckoo_watch.h:45] 22ms in ProcessBatch(school_batches/aaaaaa.batch) [including 1ms in LoadMessage; 0ms in InitializeSparseNdw; 0ms in InitializeTheta; 0ms in CreateRegularizerAgents; 9ms in InferThetaAndUpdateNwtSparse; 6ms in CalculateScore(PerplexityScore); 0ms in CalculateScore(SparsityThetaScore); 3ms in CalculateScore(^^^ItemsProcessedScore^^^); ]
I0331 21:41:21.861219 54322688 master_component.cc:1449] NormalizeModelArgs: pwt_target_name=pwt, nwt_source_name=nwt, rwt_source_name=
I0331 21:41:21.861227 54322688 master_component.cc:1006] MasterComponent: start normalizing model nwt
I0331 21:41:21.876912 54322688 master_component.cc:1034] MasterComponent: complete normalizing model nwt
I0331 21:41:21.882463 173789184 processor.cc:740] No data in processing queue, waiting...
I0331 21:41:21.884220 174862336 processor.cc:740] No data in processing queue, waiting...
I0331 21:41:21.884972 172179456 processor.cc:740] No data in processing queue, waiting...
I0331 21:41:21.884982 171106304 processor.cc:740] No data in processing queue, waiting...
I0331 21:41:21.884989 171642880 processor.cc:740] No data in processing queue, waiting...
I0331 21:41:21.887905 54322688 master_component.cc:1473] DisposeModel rwt
I0331 21:41:21.887912 54322688 master_component.cc:1059] FitOffline: ItemsProcessed, num_items=476, num_batches=5, token_weight=160411, token_weight_in_effect=160411
I0331 21:41:21.888031 54322688 c_interface.cc:389] Pass FitOfflineMasterModelArgs, batch_filename_size=5, batch_weight_size=5, num_collection_passes=1, reset_nwt=yes to MN4artm4core15MasterComponentEFvRKNS_25FitOfflineMasterModelArgsEE
I0331 21:41:21.888038 54322688 master_component.cc:1398] ProcessBatchesArgs: nwt_target_name=nwt, batch_filename_size=5, batch_size=0, batch_weight_size=5, pwt_source_name=pwt, num_document_passes=10, class=(text:1), reuse_theta=no, opt_for_avx=yes, predict_class_id=, reset_nwt=yes
I0331 21:41:21.892485 174325760 processor.cc:747] Processing queue has data, processing started
I0331 21:41:21.892495 173789184 processor.cc:747] Processing queue has data, processing started
I0331 21:41:21.892498 171642880 processor.cc:747] Processing queue has data, processing started
I0331 21:41:21.892514 172179456 processor.cc:747] Processing queue has data, processing started
I0331 21:41:21.892552 170569728 processor.cc:747] Processing queue has data, processing started
I0331 21:41:21.894197 171642880 processor.cc:820] Processor: start processing batch 3e733f8a-bfc9-4f20-9863-8073031eb150 into model nwt
I0331 21:41:21.894333 174325760 processor.cc:820] Processor: start processing batch 640c38ec-8b65-47a5-be87-fd6e33b65ead into model nwt
I0331 21:41:21.894340 172179456 processor.cc:820] Processor: start processing batch a1417c80-fa02-4408-b7e2-c88a9302dfa0 into model nwt
I0331 21:41:21.894351 173789184 processor.cc:820] Processor: start processing batch dc9c716e-fc18-4a09-bcaa-2c9ba3787af2 into model nwt
I0331 21:41:21.894369 170569728 processor.cc:820] Processor: start processing batch 19e9f17f-ccb4-4160-8b62-a8966dcf5ff5 into model nwt
I0331 21:41:21.912395 171642880 processor.cc:925] Processor: complete processing batch 3e733f8a-bfc9-4f20-9863-8073031eb150 into model nwt
I0331 21:41:21.912791 171642880 cuckoo_watch.h:45] 20ms in ProcessBatch(school_batches/aaaaae.batch) [including 1ms in LoadMessage; 0ms in InitializeSparseNdw; 0ms in InitializeTheta; 0ms in CreateRegularizerAgents; 8ms in InferThetaAndUpdateNwtSparse; 5ms in CalculateScore(PerplexityScore); 0ms in CalculateScore(SparsityThetaScore); 2ms in CalculateScore(^^^ItemsProcessedScore^^^); ]
I0331 21:41:21.914124 174325760 processor.cc:925] Processor: complete processing batch 640c38ec-8b65-47a5-be87-fd6e33b65ead into model nwt
I0331 21:41:21.914258 172179456 processor.cc:925] Processor: complete processing batch a1417c80-fa02-4408-b7e2-c88a9302dfa0 into model nwt
I0331 21:41:21.914387 173789184 processor.cc:925] Processor: complete processing batch dc9c716e-fc18-4a09-bcaa-2c9ba3787af2 into model nwt
I0331 21:41:21.914471 174325760 cuckoo_watch.h:45] 21ms in ProcessBatch(school_batches/aaaaad.batch) [including 1ms in LoadMessage; 0ms in InitializeSparseNdw; 0ms in InitializeTheta; 0ms in CreateRegularizerAgents; 9ms in InferThetaAndUpdateNwtSparse; 6ms in CalculateScore(PerplexityScore); 0ms in CalculateScore(SparsityThetaScore); 3ms in CalculateScore(^^^ItemsProcessedScore^^^); ]
I0331 21:41:21.914534 170569728 processor.cc:925] Processor: complete processing batch 19e9f17f-ccb4-4160-8b62-a8966dcf5ff5 into model nwt
I0331 21:41:21.914654 172179456 cuckoo_watch.h:45] 22ms in ProcessBatch(school_batches/aaaaaa.batch) [including 1ms in LoadMessage; 0ms in InitializeSparseNdw; 0ms in InitializeTheta; 0ms in CreateRegularizerAgents; 9ms in InferThetaAndUpdateNwtSparse; 6ms in CalculateScore(PerplexityScore); 0ms in CalculateScore(SparsityThetaScore); 3ms in CalculateScore(^^^ItemsProcessedScore^^^); ]
I0331 21:41:21.914763 173789184 cuckoo_watch.h:45] 22ms in ProcessBatch(school_batches/aaaaab.batch) [including 1ms in LoadMessage; 0ms in InitializeSparseNdw; 0ms in InitializeTheta; 0ms in CreateRegularizerAgents; 9ms in InferThetaAndUpdateNwtSparse; 6ms in CalculateScore(PerplexityScore); 0ms in CalculateScore(SparsityThetaScore); 3ms in CalculateScore(^^^ItemsProcessedScore^^^); ]
I0331 21:41:21.914980 170569728 cuckoo_watch.h:45] 22ms in ProcessBatch(school_batches/aaaaac.batch) [including 1ms in LoadMessage; 0ms in InitializeSparseNdw; 0ms in InitializeTheta; 0ms in CreateRegularizerAgents; 9ms in InferThetaAndUpdateNwtSparse; 6ms in CalculateScore(PerplexityScore); 0ms in CalculateScore(SparsityThetaScore); 3ms in CalculateScore(^^^ItemsProcessedScore^^^); ]
I0331 21:41:21.915335 54322688 master_component.cc:1449] NormalizeModelArgs: pwt_target_name=pwt, nwt_source_name=nwt, rwt_source_name=
I0331 21:41:21.915343 54322688 master_component.cc:1006] MasterComponent: start normalizing model nwt
I0331 21:41:21.930938 54322688 master_component.cc:1034] MasterComponent: complete normalizing model nwt
I0331 21:41:21.936753 171642880 processor.cc:740] No data in processing queue, waiting...
I0331 21:41:21.938382 172179456 processor.cc:740] No data in processing queue, waiting...
I0331 21:41:21.938383 173789184 processor.cc:740] No data in processing queue, waiting...
I0331 21:41:21.938385 174325760 processor.cc:740] No data in processing queue, waiting...
I0331 21:41:21.938927 170569728 processor.cc:740] No data in processing queue, waiting...
I0331 21:41:21.941658 54322688 master_component.cc:1473] DisposeModel rwt
I0331 21:41:21.941664 54322688 master_component.cc:1059] FitOffline: ItemsProcessed, num_items=476, num_batches=5, token_weight=160411, token_weight_in_effect=160411
I0331 21:41:21.941834 54322688 c_interface.cc:389] Pass FitOfflineMasterModelArgs, batch_filename_size=5, batch_weight_size=5, num_collection_passes=1, reset_nwt=yes to MN4artm4core15MasterComponentEFvRKNS_25FitOfflineMasterModelArgsEE
I0331 21:41:21.941846 54322688 master_component.cc:1398] ProcessBatchesArgs: nwt_target_name=nwt, batch_filename_size=5, batch_size=0, batch_weight_size=5, pwt_source_name=pwt, num_document_passes=10, class=(text:1), reuse_theta=no, opt_for_avx=yes, predict_class_id=, reset_nwt=yes
I0331 21:41:21.945920 172179456 processor.cc:747] Processing queue has data, processing started
I0331 21:41:21.945921 173789184 processor.cc:747] Processing queue has data, processing started
I0331 21:41:21.945924 174325760 processor.cc:747] Processing queue has data, processing started
I0331 21:41:21.945932 171106304 processor.cc:747] Processing queue has data, processing started
I0331 21:41:21.946463 170569728 processor.cc:747] Processing queue has data, processing started
I0331 21:41:21.947638 174325760 processor.cc:820] Processor: start processing batch 3e733f8a-bfc9-4f20-9863-8073031eb150 into model nwt
I0331 21:41:21.947651 173789184 processor.cc:820] Processor: start processing batch dc9c716e-fc18-4a09-bcaa-2c9ba3787af2 into model nwt
I0331 21:41:21.947711 172179456 processor.cc:820] Processor: start processing batch 640c38ec-8b65-47a5-be87-fd6e33b65ead into model nwt
I0331 21:41:21.947718 171106304 processor.cc:820] Processor: start processing batch a1417c80-fa02-4408-b7e2-c88a9302dfa0 into model nwt
I0331 21:41:21.948212 170569728 processor.cc:820] Processor: start processing batch 19e9f17f-ccb4-4160-8b62-a8966dcf5ff5 into model nwt
I0331 21:41:21.965245 174325760 processor.cc:925] Processor: complete processing batch 3e733f8a-bfc9-4f20-9863-8073031eb150 into model nwt
I0331 21:41:21.965623 174325760 cuckoo_watch.h:45] 19ms in ProcessBatch(school_batches/aaaaae.batch) [including 1ms in LoadMessage; 0ms in InitializeSparseNdw; 0ms in InitializeTheta; 0ms in CreateRegularizerAgents; 8ms in InferThetaAndUpdateNwtSparse; 5ms in CalculateScore(PerplexityScore); 0ms in CalculateScore(SparsityThetaScore); 2ms in CalculateScore(^^^ItemsProcessedScore^^^); ]
I0331 21:41:21.967495 172179456 processor.cc:925] Processor: complete processing batch 640c38ec-8b65-47a5-be87-fd6e33b65ead into model nwt
I0331 21:41:21.967623 171106304 processor.cc:925] Processor: complete processing batch a1417c80-fa02-4408-b7e2-c88a9302dfa0 into model nwt
I0331 21:41:21.967685 173789184 processor.cc:925] Processor: complete processing batch dc9c716e-fc18-4a09-bcaa-2c9ba3787af2 into model nwt
I0331 21:41:21.967897 172179456 cuckoo_watch.h:45] 21ms in ProcessBatch(school_batches/aaaaad.batch) [including 1ms in LoadMessage; 0ms in InitializeSparseNdw; 0ms in InitializeTheta; 0ms in CreateRegularizerAgents; 9ms in InferThetaAndUpdateNwtSparse; 6ms in CalculateScore(PerplexityScore); 0ms in CalculateScore(SparsityThetaScore); 3ms in CalculateScore(^^^ItemsProcessedScore^^^); ]
I0331 21:41:21.967923 170569728 processor.cc:925] Processor: complete processing batch 19e9f17f-ccb4-4160-8b62-a8966dcf5ff5 into model nwt
I0331 21:41:21.968048 173789184 cuckoo_watch.h:45] 22ms in ProcessBatch(school_batches/aaaaab.batch) [including 1ms in LoadMessage; 0ms in InitializeSparseNdw; 0ms in InitializeTheta; 0ms in CreateRegularizerAgents; 9ms in InferThetaAndUpdateNwtSparse; 6ms in CalculateScore(PerplexityScore); 0ms in CalculateScore(SparsityThetaScore); 3ms in CalculateScore(^^^ItemsProcessedScore^^^); ]
I0331 21:41:21.968051 171106304 cuckoo_watch.h:45] 22ms in ProcessBatch(school_batches/aaaaaa.batch) [including 1ms in LoadMessage; 0ms in InitializeSparseNdw; 0ms in InitializeTheta; 0ms in CreateRegularizerAgents; 8ms in InferThetaAndUpdateNwtSparse; 6ms in CalculateScore(PerplexityScore); 0ms in CalculateScore(SparsityThetaScore); 3ms in CalculateScore(^^^ItemsProcessedScore^^^); ]
I0331 21:41:21.968281 170569728 cuckoo_watch.h:45] 21ms in ProcessBatch(school_batches/aaaaac.batch) [including 1ms in LoadMessage; 0ms in InitializeSparseNdw; 0ms in InitializeTheta; 0ms in CreateRegularizerAgents; 8ms in InferThetaAndUpdateNwtSparse; 6ms in CalculateScore(PerplexityScore); 0ms in CalculateScore(SparsityThetaScore); 3ms in CalculateScore(^^^ItemsProcessedScore^^^); ]
I0331 21:41:21.969409 54322688 master_component.cc:1449] NormalizeModelArgs: pwt_target_name=pwt, nwt_source_name=nwt, rwt_source_name=
I0331 21:41:21.969419 54322688 master_component.cc:1006] MasterComponent: start normalizing model nwt
I0331 21:41:21.984688 54322688 master_component.cc:1034] MasterComponent: complete normalizing model nwt
I0331 21:41:21.989069 174325760 processor.cc:740] No data in processing queue, waiting...
I0331 21:41:21.991595 173789184 processor.cc:740] No data in processing queue, waiting...
I0331 21:41:21.991600 170569728 processor.cc:740] No data in processing queue, waiting...
I0331 21:41:21.991605 172179456 processor.cc:740] No data in processing queue, waiting...
I0331 21:41:21.991669 171106304 processor.cc:740] No data in processing queue, waiting...
I0331 21:41:21.995398 54322688 master_component.cc:1473] DisposeModel rwt
I0331 21:41:21.995405 54322688 master_component.cc:1059] FitOffline: ItemsProcessed, num_items=476, num_batches=5, token_weight=160411, token_weight_in_effect=160411
I0331 21:41:21.995553 54322688 c_interface.cc:389] Pass FitOfflineMasterModelArgs, batch_filename_size=5, batch_weight_size=5, num_collection_passes=1, reset_nwt=yes to MN4artm4core15MasterComponentEFvRKNS_25FitOfflineMasterModelArgsEE
I0331 21:41:21.995561 54322688 master_component.cc:1398] ProcessBatchesArgs: nwt_target_name=nwt, batch_filename_size=5, batch_size=0, batch_weight_size=5, pwt_source_name=pwt, num_document_passes=10, class=(text:1), reuse_theta=no, opt_for_avx=yes, predict_class_id=, reset_nwt=yes
I0331 21:41:22.000294 170569728 processor.cc:747] Processing queue has data, processing started
I0331 21:41:22.000301 172716032 processor.cc:747] Processing queue has data, processing started
I0331 21:41:22.000315 174862336 processor.cc:747] Processing queue has data, processing started
I0331 21:41:22.000329 172179456 processor.cc:747] Processing queue has data, processing started
I0331 21:41:22.000330 171642880 processor.cc:747] Processing queue has data, processing started
I0331 21:41:22.002032 174862336 processor.cc:820] Processor: start processing batch 3e733f8a-bfc9-4f20-9863-8073031eb150 into model nwt
I0331 21:41:22.002131 171642880 processor.cc:820] Processor: start processing batch 19e9f17f-ccb4-4160-8b62-a8966dcf5ff5 into model nwt
I0331 21:41:22.002135 170569728 processor.cc:820] Processor: start processing batch 640c38ec-8b65-47a5-be87-fd6e33b65ead into model nwt
I0331 21:41:22.002179 172716032 processor.cc:820] Processor: start processing batch dc9c716e-fc18-4a09-bcaa-2c9ba3787af2 into model nwt
I0331 21:41:22.002192 172179456 processor.cc:820] Processor: start processing batch a1417c80-fa02-4408-b7e2-c88a9302dfa0 into model nwt
I0331 21:41:22.021064 174862336 processor.cc:925] Processor: complete processing batch 3e733f8a-bfc9-4f20-9863-8073031eb150 into model nwt
I0331 21:41:22.021488 174862336 cuckoo_watch.h:45] 21ms in ProcessBatch(school_batches/aaaaae.batch) [including 1ms in LoadMessage; 0ms in InitializeSparseNdw; 0ms in InitializeTheta; 0ms in CreateRegularizerAgents; 9ms in InferThetaAndUpdateNwtSparse; 5ms in CalculateScore(PerplexityScore); 0ms in CalculateScore(SparsityThetaScore); 3ms in CalculateScore(^^^ItemsProcessedScore^^^); ]
I0331 21:41:22.022254 170569728 processor.cc:925] Processor: complete processing batch 640c38ec-8b65-47a5-be87-fd6e33b65ead into model nwt
I0331 21:41:22.022388 172179456 processor.cc:925] Processor: complete processing batch a1417c80-fa02-4408-b7e2-c88a9302dfa0 into model nwt
I0331 21:41:22.022473 172716032 processor.cc:925] Processor: complete processing batch dc9c716e-fc18-4a09-bcaa-2c9ba3787af2 into model nwt
I0331 21:41:22.022629 170569728 cuckoo_watch.h:45] 22ms in ProcessBatch(school_batches/aaaaad.batch) [including 1ms in LoadMessage; 0ms in InitializeSparseNdw; 0ms in InitializeTheta; 0ms in CreateRegularizerAgents; 9ms in InferThetaAndUpdateNwtSparse; 6ms in CalculateScore(PerplexityScore); 0ms in CalculateScore(SparsityThetaScore); 3ms in CalculateScore(^^^ItemsProcessedScore^^^); ]
I0331 21:41:22.022684 171642880 processor.cc:925] Processor: complete processing batch 19e9f17f-ccb4-4160-8b62-a8966dcf5ff5 into model nwt
I0331 21:41:22.022850 172179456 cuckoo_watch.h:45] 22ms in ProcessBatch(school_batches/aaaaaa.batch) [including 1ms in LoadMessage; 0ms in InitializeSparseNdw; 0ms in InitializeTheta; 0ms in CreateRegularizerAgents; 9ms in InferThetaAndUpdateNwtSparse; 6ms in CalculateScore(PerplexityScore); 0ms in CalculateScore(SparsityThetaScore); 3ms in CalculateScore(^^^ItemsProcessedScore^^^); ]
I0331 21:41:22.022876 172716032 cuckoo_watch.h:45] 22ms in ProcessBatch(school_batches/aaaaab.batch) [including 1ms in LoadMessage; 0ms in InitializeSparseNdw; 0ms in InitializeTheta; 0ms in CreateRegularizerAgents; 9ms in InferThetaAndUpdateNwtSparse; 6ms in CalculateScore(PerplexityScore); 0ms in CalculateScore(SparsityThetaScore); 3ms in CalculateScore(^^^ItemsProcessedScore^^^); ]
I0331 21:41:22.023072 171642880 cuckoo_watch.h:45] 22ms in ProcessBatch(school_batches/aaaaac.batch) [including 1ms in LoadMessage; 0ms in InitializeSparseNdw; 0ms in InitializeTheta; 0ms in CreateRegularizerAgents; 9ms in InferThetaAndUpdateNwtSparse; 6ms in CalculateScore(PerplexityScore); 0ms in CalculateScore(SparsityThetaScore); 3ms in CalculateScore(^^^ItemsProcessedScore^^^); ]
I0331 21:41:22.024046 54322688 master_component.cc:1449] NormalizeModelArgs: pwt_target_name=pwt, nwt_source_name=nwt, rwt_source_name=
I0331 21:41:22.024055 54322688 master_component.cc:1006] MasterComponent: start normalizing model nwt
I0331 21:41:22.038977 54322688 master_component.cc:1034] MasterComponent: complete normalizing model nwt
I0331 21:41:22.045183 174862336 processor.cc:740] No data in processing queue, waiting...
I0331 21:41:22.046432 172716032 processor.cc:740] No data in processing queue, waiting...
I0331 21:41:22.046442 171642880 processor.cc:740] No data in processing queue, waiting...
I0331 21:41:22.046559 172179456 processor.cc:740] No data in processing queue, waiting...
I0331 21:41:22.046559 170569728 processor.cc:740] No data in processing queue, waiting...
I0331 21:41:22.049477 54322688 master_component.cc:1473] DisposeModel rwt
I0331 21:41:22.049485 54322688 master_component.cc:1059] FitOffline: ItemsProcessed, num_items=476, num_batches=5, token_weight=160411, token_weight_in_effect=160411
I0331 21:41:22.657006 54322688 c_interface.cc:231] ArtmCopyRequestedMessage is copying 2240 bytes...
I0331 21:41:58.188066 54322688 c_interface.cc:231] ArtmCopyRequestedMessage is copying 152286 bytes...
I0331 21:41:58.192555 54322688 c_interface.cc:231] ArtmCopyRequestedMessage is copying 152286 bytes...
I0331 21:41:58.197271 54322688 c_interface.cc:231] ArtmCopyRequestedMessage is copying 152286 bytes...
I0331 21:41:58.200244 54322688 c_interface.cc:231] ArtmCopyRequestedMessage is copying 152286 bytes...
I0331 21:41:58.202467 54322688 c_interface.cc:231] ArtmCopyRequestedMessage is copying 152286 bytes...
I0331 21:41:58.204340 54322688 c_interface.cc:231] ArtmCopyRequestedMessage is copying 152286 bytes...
I0331 21:41:58.208334 54322688 c_interface.cc:231] ArtmCopyRequestedMessage is copying 152286 bytes...
I0331 21:41:58.211768 54322688 c_interface.cc:231] ArtmCopyRequestedMessage is copying 152286 bytes...
I0331 21:41:58.213611 54322688 c_interface.cc:231] ArtmCopyRequestedMessage is copying 152286 bytes...
I0331 21:41:58.217281 54322688 c_interface.cc:231] ArtmCopyRequestedMessage is copying 152286 bytes...
I0331 21:43:46.360797 54322688 c_interface.cc:231] ArtmCopyRequestedMessage is copying 725 bytes...
I0331 21:43:46.363327 54322688 phi_matrix_operations.cc:84] RetrieveExternalTopicModel() with 10 topics, 16099 tokens
I0331 21:43:46.373450 54322688 c_interface.cc:231] ArtmCopyRequestedMessage is copying 477630 bytes...
I0331 21:43:46.379681 54322688 phi_matrix_operations.cc:84] RetrieveExternalTopicModel() with 10 topics, 16099 tokens
I0331 21:43:46.385390 54322688 c_interface.cc:231] ArtmCopyRequestedMessage is copying 413234 bytes...
I0331 21:43:46.388854 54322688 c_interface.cc:236] ArtmCopyRequestedObject is copying 643960 bytes...
I0331 21:46:24.219527 54322688 c_interface.cc:231] ArtmCopyRequestedMessage is copying 152286 bytes...
I0331 21:46:24.223119 54322688 c_interface.cc:231] ArtmCopyRequestedMessage is copying 152286 bytes...
I0331 21:46:24.226404 54322688 c_interface.cc:231] ArtmCopyRequestedMessage is copying 152286 bytes...
I0331 21:46:24.229696 54322688 c_interface.cc:231] ArtmCopyRequestedMessage is copying 152286 bytes...
I0331 21:46:24.233163 54322688 c_interface.cc:231] ArtmCopyRequestedMessage is copying 152286 bytes...
I0331 21:46:24.236454 54322688 c_interface.cc:231] ArtmCopyRequestedMessage is copying 152286 bytes...
I0331 21:46:24.243602 54322688 c_interface.cc:231] ArtmCopyRequestedMessage is copying 152286 bytes...
I0331 21:46:24.248930 54322688 c_interface.cc:231] ArtmCopyRequestedMessage is copying 152286 bytes...
I0331 21:46:24.251758 54322688 c_interface.cc:231] ArtmCopyRequestedMessage is copying 152286 bytes...
I0331 21:46:24.257079 54322688 c_interface.cc:231] ArtmCopyRequestedMessage is copying 152286 bytes...
I0331 21:51:52.362138 54322688 c_interface.cc:231] ArtmCopyRequestedMessage is copying 152286 bytes...
I0331 21:51:52.364343 54322688 c_interface.cc:231] ArtmCopyRequestedMessage is copying 152286 bytes...
I0331 21:51:52.367935 54322688 c_interface.cc:231] ArtmCopyRequestedMessage is copying 152286 bytes...
I0331 21:51:52.369849 54322688 c_interface.cc:231] ArtmCopyRequestedMessage is copying 152286 bytes...
I0331 21:51:52.371755 54322688 c_interface.cc:231] ArtmCopyRequestedMessage is copying 152286 bytes...
I0331 21:51:52.375555 54322688 c_interface.cc:231] ArtmCopyRequestedMessage is copying 152286 bytes...
I0331 21:51:52.382901 54322688 c_interface.cc:231] ArtmCopyRequestedMessage is copying 152286 bytes...
I0331 21:51:52.386356 54322688 c_interface.cc:231] ArtmCopyRequestedMessage is copying 152286 bytes...
I0331 21:51:52.388190 54322688 c_interface.cc:231] ArtmCopyRequestedMessage is copying 152286 bytes...
I0331 21:51:52.392014 54322688 c_interface.cc:231] ArtmCopyRequestedMessage is copying 152286 bytes...
I0331 21:52:07.597172 54322688 c_interface.cc:231] ArtmCopyRequestedMessage is copying 152286 bytes...
I0331 21:52:07.602034 54322688 c_interface.cc:231] ArtmCopyRequestedMessage is copying 152286 bytes...
I0331 21:52:07.605440 54322688 c_interface.cc:231] ArtmCopyRequestedMessage is copying 152286 bytes...
I0331 21:52:07.607329 54322688 c_interface.cc:231] ArtmCopyRequestedMessage is copying 152286 bytes...
I0331 21:52:07.609251 54322688 c_interface.cc:231] ArtmCopyRequestedMessage is copying 152286 bytes...
I0331 21:52:07.611094 54322688 c_interface.cc:231] ArtmCopyRequestedMessage is copying 152286 bytes...
I0331 21:52:07.615615 54322688 c_interface.cc:231] ArtmCopyRequestedMessage is copying 152286 bytes...
I0331 21:52:07.619392 54322688 c_interface.cc:231] ArtmCopyRequestedMessage is copying 152286 bytes...
I0331 21:52:07.621300 54322688 c_interface.cc:231] ArtmCopyRequestedMessage is copying 152286 bytes...
I0331 21:52:07.625036 54322688 c_interface.cc:231] ArtmCopyRequestedMessage is copying 152286 bytes...
I0331 21:55:51.872591 54322688 c_interface.cc:231] ArtmCopyRequestedMessage is copying 152286 bytes...
I0331 21:55:54.061333 54322688 c_interface.cc:231] ArtmCopyRequestedMessage is copying 152286 bytes...
I0331 21:56:15.264365 54322688 c_interface.cc:231] ArtmCopyRequestedMessage is copying 152286 bytes...
I0331 21:56:15.268419 54322688 c_interface.cc:231] ArtmCopyRequestedMessage is copying 152286 bytes...
I0331 21:56:25.501914 54322688 c_interface.cc:231] ArtmCopyRequestedMessage is copying 152286 bytes...
I0331 21:57:33.692427 54322688 c_interface.cc:231] ArtmCopyRequestedMessage is copying 152286 bytes...
I0331 21:57:40.644788 54322688 c_interface.cc:231] ArtmCopyRequestedMessage is copying 152286 bytes...
I0331 21:57:47.419126 54322688 c_interface.cc:231] ArtmCopyRequestedMessage is copying 152286 bytes...
I0331 21:58:01.570287 54322688 c_interface.cc:231] ArtmCopyRequestedMessage is copying 152286 bytes...
I0331 21:59:26.246279 54322688 c_interface.cc:231] ArtmCopyRequestedMessage is copying 152286 bytes...
I0331 21:59:26.259788 54322688 c_interface.cc:231] ArtmCopyRequestedMessage is copying 152286 bytes...
I0331 21:59:26.264111 54322688 c_interface.cc:231] ArtmCopyRequestedMessage is copying 152286 bytes...
I0331 21:59:26.269100 54322688 c_interface.cc:231] ArtmCopyRequestedMessage is copying 152286 bytes...
I0331 21:59:26.273998 54322688 c_interface.cc:231] ArtmCopyRequestedMessage is copying 152286 bytes...
I0331 21:59:26.278885 54322688 c_interface.cc:231] ArtmCopyRequestedMessage is copying 152286 bytes...
I0331 21:59:26.283330 54322688 c_interface.cc:231] ArtmCopyRequestedMessage is copying 152286 bytes...
I0331 21:59:26.287716 54322688 c_interface.cc:231] ArtmCopyRequestedMessage is copying 152286 bytes...
I0331 21:59:26.292011 54322688 c_interface.cc:231] ArtmCopyRequestedMessage is copying 152286 bytes...
I0331 21:59:26.296099 54322688 c_interface.cc:231] ArtmCopyRequestedMessage is copying 152286 bytes...
I0331 21:59:48.126861 54322688 c_interface.cc:231] ArtmCopyRequestedMessage is copying 152286 bytes...
I0331 22:00:42.313336 54322688 c_interface.cc:231] ArtmCopyRequestedMessage is copying 152286 bytes...
I0331 22:00:42.323946 54322688 c_interface.cc:231] ArtmCopyRequestedMessage is copying 152286 bytes...
I0331 22:00:42.330081 54322688 c_interface.cc:231] ArtmCopyRequestedMessage is copying 152286 bytes...
I0331 22:00:42.335875 54322688 c_interface.cc:231] ArtmCopyRequestedMessage is copying 152286 bytes...
I0331 22:00:42.340703 54322688 c_interface.cc:231] ArtmCopyRequestedMessage is copying 152286 bytes...
I0331 22:00:42.345214 54322688 c_interface.cc:231] ArtmCopyRequestedMessage is copying 152286 bytes...
I0331 22:00:42.349505 54322688 c_interface.cc:231] ArtmCopyRequestedMessage is copying 152286 bytes...
I0331 22:00:42.356402 54322688 c_interface.cc:231] ArtmCopyRequestedMessage is copying 152286 bytes...
I0331 22:00:42.360929 54322688 c_interface.cc:231] ArtmCopyRequestedMessage is copying 152286 bytes...
I0331 22:00:42.366611 54322688 c_interface.cc:231] ArtmCopyRequestedMessage is copying 152286 bytes...
I0331 22:01:10.936781 54322688 c_interface.cc:231] ArtmCopyRequestedMessage is copying 152286 bytes...
I0331 22:01:10.947329 54322688 c_interface.cc:231] ArtmCopyRequestedMessage is copying 152286 bytes...
I0331 22:01:10.955088 54322688 c_interface.cc:231] ArtmCopyRequestedMessage is copying 152286 bytes...
I0331 22:01:10.960705 54322688 c_interface.cc:231] ArtmCopyRequestedMessage is copying 152286 bytes...
I0331 22:01:10.965833 54322688 c_interface.cc:231] ArtmCopyRequestedMessage is copying 152286 bytes...
I0331 22:01:10.971107 54322688 c_interface.cc:231] ArtmCopyRequestedMessage is copying 152286 bytes...
I0331 22:01:10.976254 54322688 c_interface.cc:231] ArtmCopyRequestedMessage is copying 152286 bytes...
I0331 22:01:10.980736 54322688 c_interface.cc:231] ArtmCopyRequestedMessage is copying 152286 bytes...
I0331 22:01:10.986908 54322688 c_interface.cc:231] ArtmCopyRequestedMessage is copying 152286 bytes...
I0331 22:01:10.991556 54322688 c_interface.cc:231] ArtmCopyRequestedMessage is copying 152286 bytes...
I0331 22:01:16.530952 54322688 c_interface.cc:231] ArtmCopyRequestedMessage is copying 152286 bytes...
I0331 22:01:16.543046 54322688 c_interface.cc:231] ArtmCopyRequestedMessage is copying 152286 bytes...
I0331 22:01:16.551673 54322688 c_interface.cc:231] ArtmCopyRequestedMessage is copying 152286 bytes...
I0331 22:01:16.558724 54322688 c_interface.cc:231] ArtmCopyRequestedMessage is copying 152286 bytes...
I0331 22:01:16.563990 54322688 c_interface.cc:231] ArtmCopyRequestedMessage is copying 152286 bytes...
I0331 22:01:16.570190 54322688 c_interface.cc:231] ArtmCopyRequestedMessage is copying 152286 bytes...
I0331 22:01:16.576413 54322688 c_interface.cc:231] ArtmCopyRequestedMessage is copying 152286 bytes...
I0331 22:01:16.582423 54322688 c_interface.cc:231] ArtmCopyRequestedMessage is copying 152286 bytes...
I0331 22:01:16.587831 54322688 c_interface.cc:231] ArtmCopyRequestedMessage is copying 152286 bytes...
I0331 22:01:16.593044 54322688 c_interface.cc:231] ArtmCopyRequestedMessage is copying 152286 bytes...
I0331 22:01:34.990226 54322688 c_interface.cc:231] ArtmCopyRequestedMessage is copying 1473 bytes...
I0331 22:01:34.992100 54322688 c_interface.cc:231] ArtmCopyRequestedMessage is copying 1440 bytes...
I0331 22:01:58.901957 54322688 c_interface.cc:389] Pass MasterModelConfig: topic_name_size=10, class=(text:1), score_config_size=5, num_processors=0, pwt_name=pwt, nwt_name=nwt, num_document_passes=10, regularizer=(SparsePhi:-100), reuse_theta=no, cache_theta=no, opt_for_avx=yes, disk_cache_path= to MN4artm4core15MasterComponentEFvRKNS_17MasterModelConfigEE
I0331 22:01:58.902386 54322688 instance.cc:401] MasterModelConfig.processors_count is automatically set to 10
I0331 22:01:58.902464 54322688 perplexity.cc:26] Perplexity score calculator created: model_type=1, dictionary_name=aa6a620b-5c9f-4710-9e40-70e59fa29971
I0331 22:01:58.902598 54322688 instance.cc:232] Regularizer 'SparsePhi' was cold-reconfigured
I0331 22:02:04.783401 54322688 c_interface.cc:389] Pass FitOfflineMasterModelArgs, batch_filename_size=5, batch_weight_size=5, num_collection_passes=1, reset_nwt=yes to MN4artm4core15MasterComponentEFvRKNS_25FitOfflineMasterModelArgsEE
I0331 22:02:04.783531 54322688 master_component.cc:1398] ProcessBatchesArgs: nwt_target_name=nwt, batch_filename_size=5, batch_size=0, batch_weight_size=5, pwt_source_name=pwt, num_document_passes=10, regularizer=(name:SparsePhi, tau:-100), class=(text:1), reuse_theta=no, opt_for_avx=yes, predict_class_id=, reset_nwt=yes
I0331 22:02:04.796504 171642880 processor.cc:747] Processing queue has data, processing started
I0331 22:02:04.796520 173252608 processor.cc:747] Processing queue has data, processing started
I0331 22:02:04.796521 174862336 processor.cc:747] Processing queue has data, processing started
I0331 22:02:04.796515 171106304 processor.cc:747] Processing queue has data, processing started
I0331 22:02:04.796516 173789184 processor.cc:747] Processing queue has data, processing started
I0331 22:02:04.799620 173789184 processor.cc:820] Processor: start processing batch a1417c80-fa02-4408-b7e2-c88a9302dfa0 into model nwt
I0331 22:02:04.799911 173252608 processor.cc:820] Processor: start processing batch 3e733f8a-bfc9-4f20-9863-8073031eb150 into model nwt
I0331 22:02:04.800330 171106304 processor.cc:820] Processor: start processing batch dc9c716e-fc18-4a09-bcaa-2c9ba3787af2 into model nwt
I0331 22:02:04.800951 171642880 processor.cc:820] Processor: start processing batch 640c38ec-8b65-47a5-be87-fd6e33b65ead into model nwt
I0331 22:02:04.801007 174862336 processor.cc:820] Processor: start processing batch 19e9f17f-ccb4-4160-8b62-a8966dcf5ff5 into model nwt
I0331 22:02:04.827143 173252608 processor.cc:925] Processor: complete processing batch 3e733f8a-bfc9-4f20-9863-8073031eb150 into model nwt
