I0331 22:02:12.036260 173252608 processor.cc:820] Processor: start processing batch 19e9f17f-ccb4-4160-8b62-a8966dcf5ff5 into model nwt
I0331 22:02:12.036316 174862336 processor.cc:820] Processor: start processing batch dc9c716e-fc18-4a09-bcaa-2c9ba3787af2 into model nwt
I0331 22:02:12.036345 172716032 processor.cc:820] Processor: start processing batch 640c38ec-8b65-47a5-be87-fd6e33b65ead into model nwt
I0331 22:02:12.056998 171642880 processor.cc:925] Processor: complete processing batch 3e733f8a-bfc9-4f20-9863-8073031eb150 into model nwt
I0331 22:02:12.057358 171642880 cuckoo_watch.h:45] 22ms in ProcessBatch(school_batches/aaaaae.batch) [including 1ms in LoadMessage; 0ms in InitializeSparseNdw; 0ms in InitializeTheta; 0ms in CreateRegularizerAgents; 10ms in InferThetaAndUpdateNwtSparse; 6ms in CalculateScore(PerplexityScore); 0ms in CalculateScore(SparsityThetaScore); 3ms in CalculateScore(^^^ItemsProcessedScore^^^); ]
I0331 22:02:12.058749 172179456 processor.cc:925] Processor: complete processing batch a1417c80-fa02-4408-b7e2-c88a9302dfa0 into model nwt
I0331 22:02:12.058881 174862336 processor.cc:925] Processor: complete processing batch dc9c716e-fc18-4a09-bcaa-2c9ba3787af2 into model nwt
I0331 22:02:12.059094 172716032 processor.cc:925] Processor: complete processing batch 640c38ec-8b65-47a5-be87-fd6e33b65ead into model nwt
I0331 22:02:12.059109 172179456 cuckoo_watch.h:45] 24ms in ProcessBatch(school_batches/aaaaaa.batch) [including 1ms in LoadMessage; 0ms in InitializeSparseNdw; 0ms in InitializeTheta; 0ms in CreateRegularizerAgents; 11ms in InferThetaAndUpdateNwtSparse; 6ms in CalculateScore(PerplexityScore); 0ms in CalculateScore(SparsityThetaScore); 3ms in CalculateScore(^^^ItemsProcessedScore^^^); ]
I0331 22:02:12.059253 174862336 cuckoo_watch.h:45] 24ms in ProcessBatch(school_batches/aaaaab.batch) [including 1ms in LoadMessage; 0ms in InitializeSparseNdw; 0ms in InitializeTheta; 0ms in CreateRegularizerAgents; 11ms in InferThetaAndUpdateNwtSparse; 6ms in CalculateScore(PerplexityScore); 0ms in CalculateScore(SparsityThetaScore); 3ms in CalculateScore(^^^ItemsProcessedScore^^^); ]
I0331 22:02:12.059491 172716032 cuckoo_watch.h:45] 25ms in ProcessBatch(school_batches/aaaaad.batch) [including 1ms in LoadMessage; 0ms in InitializeSparseNdw; 0ms in InitializeTheta; 0ms in CreateRegularizerAgents; 11ms in InferThetaAndUpdateNwtSparse; 6ms in CalculateScore(PerplexityScore); 0ms in CalculateScore(SparsityThetaScore); 3ms in CalculateScore(^^^ItemsProcessedScore^^^); ]
I0331 22:02:12.060557 173252608 processor.cc:925] Processor: complete processing batch 19e9f17f-ccb4-4160-8b62-a8966dcf5ff5 into model nwt
I0331 22:02:12.060932 173252608 cuckoo_watch.h:45] 26ms in ProcessBatch(school_batches/aaaaac.batch) [including 1ms in LoadMessage; 0ms in InitializeSparseNdw; 0ms in InitializeTheta; 0ms in CreateRegularizerAgents; 11ms in InferThetaAndUpdateNwtSparse; 7ms in CalculateScore(PerplexityScore); 0ms in CalculateScore(SparsityThetaScore); 3ms in CalculateScore(^^^ItemsProcessedScore^^^); ]
I0331 22:02:12.061674 54322688 master_component.cc:1436] RegularizeModelArgs: rwt_target_name=rwt, pwt_source_name=pwt, nwt_source_name=nwt
I0331 22:02:12.061686 54322688 master_component.cc:976] MasterComponent: start regularizing model pwt
I0331 22:02:12.080792 171642880 processor.cc:740] No data in processing queue, waiting...
I0331 22:02:12.082916 174862336 processor.cc:740] No data in processing queue, waiting...
I0331 22:02:12.082931 172179456 processor.cc:740] No data in processing queue, waiting...
I0331 22:02:12.083292 172716032 processor.cc:740] No data in processing queue, waiting...
I0331 22:02:12.084547 173252608 processor.cc:740] No data in processing queue, waiting...
I0331 22:02:12.086177 54322688 master_component.cc:1002] MasterComponent: complete regularizing model pwt
I0331 22:02:12.086185 54322688 master_component.cc:1449] NormalizeModelArgs: pwt_target_name=pwt, nwt_source_name=nwt, rwt_source_name=rwt
I0331 22:02:12.086191 54322688 master_component.cc:1006] MasterComponent: start normalizing model nwt
I0331 22:02:12.102802 54322688 master_component.cc:1034] MasterComponent: complete normalizing model nwt
I0331 22:02:12.112018 54322688 master_component.cc:1473] DisposeModel rwt
I0331 22:02:12.114472 54322688 master_component.cc:1059] FitOffline: ItemsProcessed, num_items=476, num_batches=5, token_weight=160411, token_weight_in_effect=160411
I0331 22:02:12.114722 54322688 c_interface.cc:389] Pass FitOfflineMasterModelArgs, batch_filename_size=5, batch_weight_size=5, num_collection_passes=1, reset_nwt=yes to MN4artm4core15MasterComponentEFvRKNS_25FitOfflineMasterModelArgsEE
I0331 22:02:12.114735 54322688 master_component.cc:1398] ProcessBatchesArgs: nwt_target_name=nwt, batch_filename_size=5, batch_size=0, batch_weight_size=5, pwt_source_name=pwt, num_document_passes=10, regularizer=(name:SparsePhi, tau:-50000), class=(text:1), reuse_theta=no, opt_for_avx=yes, predict_class_id=, reset_nwt=yes
I0331 22:02:12.118580 170569728 processor.cc:747] Processing queue has data, processing started
I0331 22:02:12.118599 173252608 processor.cc:747] Processing queue has data, processing started
I0331 22:02:12.118600 172716032 processor.cc:747] Processing queue has data, processing started
I0331 22:02:12.118621 171642880 processor.cc:747] Processing queue has data, processing started
I0331 22:02:12.119082 174862336 processor.cc:747] Processing queue has data, processing started
I0331 22:02:12.120416 172716032 processor.cc:820] Processor: start processing batch 3e733f8a-bfc9-4f20-9863-8073031eb150 into model nwt
I0331 22:02:12.120445 171642880 processor.cc:820] Processor: start processing batch a1417c80-fa02-4408-b7e2-c88a9302dfa0 into model nwt
I0331 22:02:12.120455 173252608 processor.cc:820] Processor: start processing batch dc9c716e-fc18-4a09-bcaa-2c9ba3787af2 into model nwt
I0331 22:02:12.120508 170569728 processor.cc:820] Processor: start processing batch 640c38ec-8b65-47a5-be87-fd6e33b65ead into model nwt
I0331 22:02:12.120847 174862336 processor.cc:820] Processor: start processing batch 19e9f17f-ccb4-4160-8b62-a8966dcf5ff5 into model nwt
I0331 22:02:12.141943 172716032 processor.cc:925] Processor: complete processing batch 3e733f8a-bfc9-4f20-9863-8073031eb150 into model nwt
I0331 22:02:12.142350 172716032 cuckoo_watch.h:45] 23ms in ProcessBatch(school_batches/aaaaae.batch) [including 1ms in LoadMessage; 0ms in InitializeSparseNdw; 0ms in InitializeTheta; 0ms in CreateRegularizerAgents; 10ms in InferThetaAndUpdateNwtSparse; 6ms in CalculateScore(PerplexityScore); 0ms in CalculateScore(SparsityThetaScore); 3ms in CalculateScore(^^^ItemsProcessedScore^^^); ]
I0331 22:02:12.142859 174862336 processor.cc:925] Processor: complete processing batch 19e9f17f-ccb4-4160-8b62-a8966dcf5ff5 into model nwt
I0331 22:02:12.143059 170569728 processor.cc:925] Processor: complete processing batch 640c38ec-8b65-47a5-be87-fd6e33b65ead into model nwt
I0331 22:02:12.143199 174862336 cuckoo_watch.h:45] 24ms in ProcessBatch(school_batches/aaaaac.batch) [including 1ms in LoadMessage; 0ms in InitializeSparseNdw; 0ms in InitializeTheta; 0ms in CreateRegularizerAgents; 10ms in InferThetaAndUpdateNwtSparse; 6ms in CalculateScore(PerplexityScore); 0ms in CalculateScore(SparsityThetaScore); 3ms in CalculateScore(^^^ItemsProcessedScore^^^); ]
I0331 22:02:12.143465 170569728 cuckoo_watch.h:45] 24ms in ProcessBatch(school_batches/aaaaad.batch) [including 1ms in LoadMessage; 0ms in InitializeSparseNdw; 0ms in InitializeTheta; 0ms in CreateRegularizerAgents; 10ms in InferThetaAndUpdateNwtSparse; 6ms in CalculateScore(PerplexityScore); 0ms in CalculateScore(SparsityThetaScore); 3ms in CalculateScore(^^^ItemsProcessedScore^^^); ]
I0331 22:02:12.143663 171642880 processor.cc:925] Processor: complete processing batch a1417c80-fa02-4408-b7e2-c88a9302dfa0 into model nwt
I0331 22:02:12.144119 171642880 cuckoo_watch.h:45] 25ms in ProcessBatch(school_batches/aaaaaa.batch) [including 1ms in LoadMessage; 0ms in InitializeSparseNdw; 0ms in InitializeTheta; 0ms in CreateRegularizerAgents; 11ms in InferThetaAndUpdateNwtSparse; 6ms in CalculateScore(PerplexityScore); 0ms in CalculateScore(SparsityThetaScore); 3ms in CalculateScore(^^^ItemsProcessedScore^^^); ]
I0331 22:02:12.144671 173252608 processor.cc:925] Processor: complete processing batch dc9c716e-fc18-4a09-bcaa-2c9ba3787af2 into model nwt
I0331 22:02:12.144992 173252608 cuckoo_watch.h:45] 26ms in ProcessBatch(school_batches/aaaaab.batch) [including 1ms in LoadMessage; 0ms in InitializeSparseNdw; 0ms in InitializeTheta; 0ms in CreateRegularizerAgents; 12ms in InferThetaAndUpdateNwtSparse; 7ms in CalculateScore(PerplexityScore); 0ms in CalculateScore(SparsityThetaScore); 3ms in CalculateScore(^^^ItemsProcessedScore^^^); ]
I0331 22:02:12.145694 54322688 master_component.cc:1436] RegularizeModelArgs: rwt_target_name=rwt, pwt_source_name=pwt, nwt_source_name=nwt
I0331 22:02:12.145710 54322688 master_component.cc:976] MasterComponent: start regularizing model pwt
I0331 22:02:12.166164 172716032 processor.cc:740] No data in processing queue, waiting...
I0331 22:02:12.167040 174862336 processor.cc:740] No data in processing queue, waiting...
I0331 22:02:12.167049 170569728 processor.cc:740] No data in processing queue, waiting...
I0331 22:02:12.168020 171642880 processor.cc:740] No data in processing queue, waiting...
I0331 22:02:12.168677 173252608 processor.cc:740] No data in processing queue, waiting...
I0331 22:02:12.170974 54322688 master_component.cc:1002] MasterComponent: complete regularizing model pwt
I0331 22:02:12.170984 54322688 master_component.cc:1449] NormalizeModelArgs: pwt_target_name=pwt, nwt_source_name=nwt, rwt_source_name=rwt
I0331 22:02:12.170991 54322688 master_component.cc:1006] MasterComponent: start normalizing model nwt
I0331 22:02:12.187903 54322688 master_component.cc:1034] MasterComponent: complete normalizing model nwt
I0331 22:02:12.196592 54322688 master_component.cc:1473] DisposeModel rwt
I0331 22:02:12.198982 54322688 master_component.cc:1059] FitOffline: ItemsProcessed, num_items=476, num_batches=5, token_weight=160411, token_weight_in_effect=160411
I0331 22:02:12.199136 54322688 c_interface.cc:389] Pass FitOfflineMasterModelArgs, batch_filename_size=5, batch_weight_size=5, num_collection_passes=1, reset_nwt=yes to MN4artm4core15MasterComponentEFvRKNS_25FitOfflineMasterModelArgsEE
I0331 22:02:12.199146 54322688 master_component.cc:1398] ProcessBatchesArgs: nwt_target_name=nwt, batch_filename_size=5, batch_size=0, batch_weight_size=5, pwt_source_name=pwt, num_document_passes=10, regularizer=(name:SparsePhi, tau:-50000), class=(text:1), reuse_theta=no, opt_for_avx=yes, predict_class_id=, reset_nwt=yes
I0331 22:02:12.203161 170569728 processor.cc:747] Processing queue has data, processing started
I0331 22:02:12.203188 174862336 processor.cc:747] Processing queue has data, processing started
I0331 22:02:12.203254 171642880 processor.cc:747] Processing queue has data, processing started
I0331 22:02:12.203658 174325760 processor.cc:747] Processing queue has data, processing started
I0331 22:02:12.203662 172716032 processor.cc:747] Processing queue has data, processing started
I0331 22:02:12.204983 171642880 processor.cc:820] Processor: start processing batch 3e733f8a-bfc9-4f20-9863-8073031eb150 into model nwt
I0331 22:02:12.205093 174862336 processor.cc:820] Processor: start processing batch dc9c716e-fc18-4a09-bcaa-2c9ba3787af2 into model nwt
I0331 22:02:12.205160 170569728 processor.cc:820] Processor: start processing batch 640c38ec-8b65-47a5-be87-fd6e33b65ead into model nwt
I0331 22:02:12.205525 174325760 processor.cc:820] Processor: start processing batch a1417c80-fa02-4408-b7e2-c88a9302dfa0 into model nwt
I0331 22:02:12.205603 172716032 processor.cc:820] Processor: start processing batch 19e9f17f-ccb4-4160-8b62-a8966dcf5ff5 into model nwt
I0331 22:02:12.226836 171642880 processor.cc:925] Processor: complete processing batch 3e733f8a-bfc9-4f20-9863-8073031eb150 into model nwt
I0331 22:02:12.227277 171642880 cuckoo_watch.h:45] 24ms in ProcessBatch(school_batches/aaaaae.batch) [including 1ms in LoadMessage; 0ms in InitializeSparseNdw; 0ms in InitializeTheta; 0ms in CreateRegularizerAgents; 10ms in InferThetaAndUpdateNwtSparse; 6ms in CalculateScore(PerplexityScore); 0ms in CalculateScore(SparsityThetaScore); 3ms in CalculateScore(^^^ItemsProcessedScore^^^); ]
I0331 22:02:12.228030 174862336 processor.cc:925] Processor: complete processing batch dc9c716e-fc18-4a09-bcaa-2c9ba3787af2 into model nwt
I0331 22:02:12.228361 170569728 processor.cc:925] Processor: complete processing batch 640c38ec-8b65-47a5-be87-fd6e33b65ead into model nwt
I0331 22:02:12.228412 174862336 cuckoo_watch.h:45] 25ms in ProcessBatch(school_batches/aaaaab.batch) [including 1ms in LoadMessage; 0ms in InitializeSparseNdw; 0ms in InitializeTheta; 0ms in CreateRegularizerAgents; 10ms in InferThetaAndUpdateNwtSparse; 6ms in CalculateScore(PerplexityScore); 0ms in CalculateScore(SparsityThetaScore); 3ms in CalculateScore(^^^ItemsProcessedScore^^^); ]
I0331 22:02:12.228731 170569728 cuckoo_watch.h:45] 25ms in ProcessBatch(school_batches/aaaaad.batch) [including 1ms in LoadMessage; 0ms in InitializeSparseNdw; 0ms in InitializeTheta; 0ms in CreateRegularizerAgents; 11ms in InferThetaAndUpdateNwtSparse; 6ms in CalculateScore(PerplexityScore); 0ms in CalculateScore(SparsityThetaScore); 3ms in CalculateScore(^^^ItemsProcessedScore^^^); ]
I0331 22:02:12.229027 174325760 processor.cc:925] Processor: complete processing batch a1417c80-fa02-4408-b7e2-c88a9302dfa0 into model nwt
I0331 22:02:12.229388 174325760 cuckoo_watch.h:45] 25ms in ProcessBatch(school_batches/aaaaaa.batch) [including 1ms in LoadMessage; 0ms in InitializeSparseNdw; 0ms in InitializeTheta; 0ms in CreateRegularizerAgents; 11ms in InferThetaAndUpdateNwtSparse; 7ms in CalculateScore(PerplexityScore); 0ms in CalculateScore(SparsityThetaScore); 3ms in CalculateScore(^^^ItemsProcessedScore^^^); ]
I0331 22:02:12.229743 172716032 processor.cc:925] Processor: complete processing batch 19e9f17f-ccb4-4160-8b62-a8966dcf5ff5 into model nwt
I0331 22:02:12.230139 172716032 cuckoo_watch.h:45] 26ms in ProcessBatch(school_batches/aaaaac.batch) [including 1ms in LoadMessage; 0ms in InitializeSparseNdw; 0ms in InitializeTheta; 0ms in CreateRegularizerAgents; 12ms in InferThetaAndUpdateNwtSparse; 6ms in CalculateScore(PerplexityScore); 0ms in CalculateScore(SparsityThetaScore); 3ms in CalculateScore(^^^ItemsProcessedScore^^^); ]
I0331 22:02:12.231290 54322688 master_component.cc:1436] RegularizeModelArgs: rwt_target_name=rwt, pwt_source_name=pwt, nwt_source_name=nwt
I0331 22:02:12.231317 54322688 master_component.cc:976] MasterComponent: start regularizing model pwt
I0331 22:02:12.250696 171642880 processor.cc:740] No data in processing queue, waiting...
I0331 22:02:12.251945 174862336 processor.cc:740] No data in processing queue, waiting...
I0331 22:02:12.252202 170569728 processor.cc:740] No data in processing queue, waiting...
I0331 22:02:12.253202 174325760 processor.cc:740] No data in processing queue, waiting...
I0331 22:02:12.254001 172716032 processor.cc:740] No data in processing queue, waiting...
I0331 22:02:12.256297 54322688 master_component.cc:1002] MasterComponent: complete regularizing model pwt
I0331 22:02:12.256316 54322688 master_component.cc:1449] NormalizeModelArgs: pwt_target_name=pwt, nwt_source_name=nwt, rwt_source_name=rwt
I0331 22:02:12.256325 54322688 master_component.cc:1006] MasterComponent: start normalizing model nwt
I0331 22:02:12.273391 54322688 master_component.cc:1034] MasterComponent: complete normalizing model nwt
I0331 22:02:12.282079 54322688 master_component.cc:1473] DisposeModel rwt
I0331 22:02:12.284647 54322688 master_component.cc:1059] FitOffline: ItemsProcessed, num_items=476, num_batches=5, token_weight=160411, token_weight_in_effect=160411
I0331 22:02:12.284830 54322688 c_interface.cc:389] Pass FitOfflineMasterModelArgs, batch_filename_size=5, batch_weight_size=5, num_collection_passes=1, reset_nwt=yes to MN4artm4core15MasterComponentEFvRKNS_25FitOfflineMasterModelArgsEE
I0331 22:02:12.284843 54322688 master_component.cc:1398] ProcessBatchesArgs: nwt_target_name=nwt, batch_filename_size=5, batch_size=0, batch_weight_size=5, pwt_source_name=pwt, num_document_passes=10, regularizer=(name:SparsePhi, tau:-50000), class=(text:1), reuse_theta=no, opt_for_avx=yes, predict_class_id=, reset_nwt=yes
I0331 22:02:12.289060 171642880 processor.cc:747] Processing queue has data, processing started
I0331 22:02:12.289476 173789184 processor.cc:747] Processing queue has data, processing started
I0331 22:02:12.289484 175398912 processor.cc:747] Processing queue has data, processing started
I0331 22:02:12.289500 170569728 processor.cc:747] Processing queue has data, processing started
I0331 22:02:12.289500 174862336 processor.cc:747] Processing queue has data, processing started
I0331 22:02:12.290928 171642880 processor.cc:820] Processor: start processing batch 640c38ec-8b65-47a5-be87-fd6e33b65ead into model nwt
I0331 22:02:12.291227 175398912 processor.cc:820] Processor: start processing batch 3e733f8a-bfc9-4f20-9863-8073031eb150 into model nwt
I0331 22:02:12.291260 173789184 processor.cc:820] Processor: start processing batch dc9c716e-fc18-4a09-bcaa-2c9ba3787af2 into model nwt
I0331 22:02:12.291383 174862336 processor.cc:820] Processor: start processing batch a1417c80-fa02-4408-b7e2-c88a9302dfa0 into model nwt
I0331 22:02:12.291425 170569728 processor.cc:820] Processor: start processing batch 19e9f17f-ccb4-4160-8b62-a8966dcf5ff5 into model nwt
I0331 22:02:12.310909 175398912 processor.cc:925] Processor: complete processing batch 3e733f8a-bfc9-4f20-9863-8073031eb150 into model nwt
I0331 22:02:12.311293 175398912 cuckoo_watch.h:45] 21ms in ProcessBatch(school_batches/aaaaae.batch) [including 1ms in LoadMessage; 0ms in InitializeSparseNdw; 0ms in InitializeTheta; 0ms in CreateRegularizerAgents; 9ms in InferThetaAndUpdateNwtSparse; 6ms in CalculateScore(PerplexityScore); 0ms in CalculateScore(SparsityThetaScore); 2ms in CalculateScore(^^^ItemsProcessedScore^^^); ]
I0331 22:02:12.313156 171642880 processor.cc:925] Processor: complete processing batch 640c38ec-8b65-47a5-be87-fd6e33b65ead into model nwt
I0331 22:02:12.313163 173789184 processor.cc:925] Processor: complete processing batch dc9c716e-fc18-4a09-bcaa-2c9ba3787af2 into model nwt
I0331 22:02:12.313515 173789184 cuckoo_watch.h:45] 24ms in ProcessBatch(school_batches/aaaaab.batch) [including 1ms in LoadMessage; 0ms in InitializeSparseNdw; 0ms in InitializeTheta; 0ms in CreateRegularizerAgents; 10ms in InferThetaAndUpdateNwtSparse; 6ms in CalculateScore(PerplexityScore); 0ms in CalculateScore(SparsityThetaScore); 3ms in CalculateScore(^^^ItemsProcessedScore^^^); ]
I0331 22:02:12.313607 171642880 cuckoo_watch.h:45] 24ms in ProcessBatch(school_batches/aaaaad.batch) [including 1ms in LoadMessage; 0ms in InitializeSparseNdw; 0ms in InitializeTheta; 0ms in CreateRegularizerAgents; 10ms in InferThetaAndUpdateNwtSparse; 6ms in CalculateScore(PerplexityScore); 0ms in CalculateScore(SparsityThetaScore); 3ms in CalculateScore(^^^ItemsProcessedScore^^^); ]
I0331 22:02:12.313911 174862336 processor.cc:925] Processor: complete processing batch a1417c80-fa02-4408-b7e2-c88a9302dfa0 into model nwt
I0331 22:02:12.314030 170569728 processor.cc:925] Processor: complete processing batch 19e9f17f-ccb4-4160-8b62-a8966dcf5ff5 into model nwt
I0331 22:02:12.314324 174862336 cuckoo_watch.h:45] 24ms in ProcessBatch(school_batches/aaaaaa.batch) [including 1ms in LoadMessage; 0ms in InitializeSparseNdw; 0ms in InitializeTheta; 0ms in CreateRegularizerAgents; 11ms in InferThetaAndUpdateNwtSparse; 6ms in CalculateScore(PerplexityScore); 0ms in CalculateScore(SparsityThetaScore); 3ms in CalculateScore(^^^ItemsProcessedScore^^^); ]
I0331 22:02:12.314409 170569728 cuckoo_watch.h:45] 24ms in ProcessBatch(school_batches/aaaaac.batch) [including 1ms in LoadMessage; 0ms in InitializeSparseNdw; 0ms in InitializeTheta; 0ms in CreateRegularizerAgents; 11ms in InferThetaAndUpdateNwtSparse; 6ms in CalculateScore(PerplexityScore); 0ms in CalculateScore(SparsityThetaScore); 3ms in CalculateScore(^^^ItemsProcessedScore^^^); ]
I0331 22:02:12.315604 54322688 master_component.cc:1436] RegularizeModelArgs: rwt_target_name=rwt, pwt_source_name=pwt, nwt_source_name=nwt
I0331 22:02:12.315713 54322688 master_component.cc:976] MasterComponent: start regularizing model pwt
I0331 22:02:12.334924 175398912 processor.cc:740] No data in processing queue, waiting...
I0331 22:02:12.337438 171642880 processor.cc:740] No data in processing queue, waiting...
I0331 22:02:12.337441 173789184 processor.cc:740] No data in processing queue, waiting...
I0331 22:02:12.338181 170569728 processor.cc:740] No data in processing queue, waiting...
I0331 22:02:12.338270 174862336 processor.cc:740] No data in processing queue, waiting...
I0331 22:02:12.339279 54322688 master_component.cc:1002] MasterComponent: complete regularizing model pwt
I0331 22:02:12.339285 54322688 master_component.cc:1449] NormalizeModelArgs: pwt_target_name=pwt, nwt_source_name=nwt, rwt_source_name=rwt
I0331 22:02:12.339291 54322688 master_component.cc:1006] MasterComponent: start normalizing model nwt
I0331 22:02:12.354686 54322688 master_component.cc:1034] MasterComponent: complete normalizing model nwt
I0331 22:02:12.363098 54322688 master_component.cc:1473] DisposeModel rwt
I0331 22:02:12.365190 54322688 master_component.cc:1059] FitOffline: ItemsProcessed, num_items=476, num_batches=5, token_weight=160411, token_weight_in_effect=160411
I0331 22:02:37.658010 54322688 c_interface.cc:231] ArtmCopyRequestedMessage is copying 273522 bytes...
I0331 22:02:37.674868 54322688 c_interface.cc:231] ArtmCopyRequestedMessage is copying 273522 bytes...
I0331 22:02:37.685034 54322688 c_interface.cc:231] ArtmCopyRequestedMessage is copying 273522 bytes...
I0331 22:02:37.694029 54322688 c_interface.cc:231] ArtmCopyRequestedMessage is copying 273522 bytes...
I0331 22:02:37.703563 54322688 c_interface.cc:231] ArtmCopyRequestedMessage is copying 273522 bytes...
I0331 22:02:37.711999 54322688 c_interface.cc:231] ArtmCopyRequestedMessage is copying 273522 bytes...
I0331 22:02:37.719089 54322688 c_interface.cc:231] ArtmCopyRequestedMessage is copying 273522 bytes...
I0331 22:02:37.726014 54322688 c_interface.cc:231] ArtmCopyRequestedMessage is copying 273522 bytes...
I0331 22:02:37.732964 54322688 c_interface.cc:231] ArtmCopyRequestedMessage is copying 273522 bytes...
I0331 22:02:37.739917 54322688 c_interface.cc:231] ArtmCopyRequestedMessage is copying 273522 bytes...
I0331 22:02:46.674499 54322688 c_interface.cc:231] ArtmCopyRequestedMessage is copying 2583 bytes...
I0331 22:02:46.676646 54322688 c_interface.cc:231] ArtmCopyRequestedMessage is copying 2534 bytes...
I0331 22:02:49.166880 54322688 master_component.cc:389] Exporting model pwt to my_model
I0331 22:02:49.178138 54322688 phi_matrix_operations.cc:84] RetrieveExternalTopicModel() with 10 topics, 16099 tokens
I0331 22:02:49.189584 54322688 master_component.cc:426] Export of model completed, token_size = 16099, topic_size = 10
I0331 22:02:49.709187 54322688 master_component.cc:443] Importing model pwt from my_model
I0331 22:02:49.751641 54322688 master_component.cc:490] Import of model completed, token_size = 16099, topic_size = 10
I0331 22:02:49.751842 54322688 c_interface.cc:231] ArtmCopyRequestedMessage is copying 386 bytes...
I0331 22:02:53.407254 54322688 phi_matrix_operations.cc:84] RetrieveExternalTopicModel() with 10 topics, 16099 tokens
I0331 22:02:53.423169 54322688 c_interface.cc:231] ArtmCopyRequestedMessage is copying 477630 bytes...
I0331 22:02:53.433864 54322688 phi_matrix_operations.cc:84] RetrieveExternalTopicModel() with 10 topics, 16099 tokens
I0331 22:02:53.440768 54322688 c_interface.cc:231] ArtmCopyRequestedMessage is copying 413234 bytes...
I0331 22:02:53.444272 54322688 c_interface.cc:236] ArtmCopyRequestedObject is copying 643960 bytes...
W0331 22:03:21.772991 54322688 check_messages.h:1082] ThetaMatrix.topic_name_size is empty
I0331 22:03:21.773739 54322688 c_interface.cc:231] ArtmCopyRequestedMessage is copying 0 bytes...
W0331 22:03:21.775378 54322688 check_messages.h:1082] ThetaMatrix.topic_name_size is empty
I0331 22:03:21.775580 54322688 c_interface.cc:231] ArtmCopyRequestedMessage is copying 0 bytes...
I0331 22:03:21.775802 54322688 c_interface.cc:236] ArtmCopyRequestedObject is copying 0 bytes...
I0331 22:03:29.294082 54322688 c_interface.cc:578] Pass TransformMasterModelArgs, batch_filename_size=5, batch_size=0, theta_matrix_type=1, predict_class_id= to MasterComponent::Request (extended)
I0331 22:03:29.295469 170569728 processor.cc:747] Processing queue has data, processing started
I0331 22:03:29.296285 172716032 processor.cc:747] Processing queue has data, processing started
I0331 22:03:29.302493 170569728 processor.cc:820] Processor: start processing batch 640c38ec-8b65-47a5-be87-fd6e33b65ead into model 0x6000013bc9d8
I0331 22:03:29.303215 172716032 processor.cc:820] Processor: start processing batch dc9c716e-fc18-4a09-bcaa-2c9ba3787af2 into model 0x6000013bc9d8
I0331 22:03:29.303969 175398912 processor.cc:747] Processing queue has data, processing started
I0331 22:03:29.303998 174862336 processor.cc:747] Processing queue has data, processing started
I0331 22:03:29.303970 171642880 processor.cc:747] Processing queue has data, processing started
I0331 22:03:29.307417 174862336 processor.cc:820] Processor: start processing batch 19e9f17f-ccb4-4160-8b62-a8966dcf5ff5 into model 0x6000013bc9d8
I0331 22:03:29.307577 171642880 processor.cc:820] Processor: start processing batch a1417c80-fa02-4408-b7e2-c88a9302dfa0 into model 0x6000013bc9d8
I0331 22:03:29.307575 175398912 processor.cc:820] Processor: start processing batch 3e733f8a-bfc9-4f20-9863-8073031eb150 into model 0x6000013bc9d8
I0331 22:03:29.331933 172716032 processor.cc:925] Processor: complete processing batch dc9c716e-fc18-4a09-bcaa-2c9ba3787af2 into model 0x6000013bc9d8
I0331 22:03:29.332348 172716032 cuckoo_watch.h:45] 36ms in ProcessBatch(school_batches/aaaaab.batch) [including 6ms in LoadMessage; 1ms in InitializeSparseNdw; 0ms in InitializeTheta; 0ms in CreateRegularizerAgents; 9ms in InferThetaAndUpdateNwtSparse; 0ms in UpdateCacheEntry; 12ms in CalculateScore(PerplexityScore); 0ms in CalculateScore(SparsityThetaScore); 4ms in CalculateScore(^^^ItemsProcessedScore^^^); ]
I0331 22:03:29.332804 175398912 processor.cc:925] Processor: complete processing batch 3e733f8a-bfc9-4f20-9863-8073031eb150 into model 0x6000013bc9d8
I0331 22:03:29.333467 175398912 cuckoo_watch.h:45] 29ms in ProcessBatch(school_batches/aaaaae.batch) [including 3ms in LoadMessage; 0ms in InitializeSparseNdw; 0ms in InitializeTheta; 0ms in CreateRegularizerAgents; 6ms in InferThetaAndUpdateNwtSparse; 0ms in UpdateCacheEntry; 12ms in CalculateScore(PerplexityScore); 0ms in CalculateScore(SparsityThetaScore); 4ms in CalculateScore(^^^ItemsProcessedScore^^^); ]
I0331 22:03:29.333472 171642880 processor.cc:925] Processor: complete processing batch a1417c80-fa02-4408-b7e2-c88a9302dfa0 into model 0x6000013bc9d8
I0331 22:03:29.333714 170569728 processor.cc:925] Processor: complete processing batch 640c38ec-8b65-47a5-be87-fd6e33b65ead into model 0x6000013bc9d8
I0331 22:03:29.334162 171642880 cuckoo_watch.h:45] 30ms in ProcessBatch(school_batches/aaaaaa.batch) [including 3ms in LoadMessage; 0ms in InitializeSparseNdw; 0ms in InitializeTheta; 0ms in CreateRegularizerAgents; 8ms in InferThetaAndUpdateNwtSparse; 0ms in UpdateCacheEntry; 10ms in CalculateScore(PerplexityScore); 0ms in CalculateScore(SparsityThetaScore); 5ms in CalculateScore(^^^ItemsProcessedScore^^^); ]
I0331 22:03:29.334401 170569728 cuckoo_watch.h:45] 38ms in ProcessBatch(school_batches/aaaaad.batch) [including 6ms in LoadMessage; 1ms in InitializeSparseNdw; 0ms in InitializeTheta; 0ms in CreateRegularizerAgents; 9ms in InferThetaAndUpdateNwtSparse; 0ms in UpdateCacheEntry; 12ms in CalculateScore(PerplexityScore); 1ms in CalculateScore(SparsityThetaScore); 5ms in CalculateScore(^^^ItemsProcessedScore^^^); ]
I0331 22:03:29.335397 174862336 processor.cc:925] Processor: complete processing batch 19e9f17f-ccb4-4160-8b62-a8966dcf5ff5 into model 0x6000013bc9d8
I0331 22:03:29.336153 174862336 cuckoo_watch.h:45] 32ms in ProcessBatch(school_batches/aaaaac.batch) [including 3ms in LoadMessage; 0ms in InitializeSparseNdw; 0ms in InitializeTheta; 0ms in CreateRegularizerAgents; 7ms in InferThetaAndUpdateNwtSparse; 0ms in UpdateCacheEntry; 13ms in CalculateScore(PerplexityScore); 0ms in CalculateScore(SparsityThetaScore); 5ms in CalculateScore(^^^ItemsProcessedScore^^^); ]
I0331 22:03:29.336870 54322688 master_component.cc:1059] Transform: ItemsProcessed, num_items=476, num_batches=5, token_weight=160411, token_weight_in_effect=160411
W0331 22:03:29.336900 54322688 check_messages.h:1082] Inconsistent fields size in ThetaMatrix: 476 vs 0 vs 476 vs 0;
I0331 22:03:29.337087 54322688 c_interface.cc:231] ArtmCopyRequestedMessage is copying 2314 bytes...
I0331 22:03:29.337241 54322688 c_interface.cc:236] ArtmCopyRequestedObject is copying 19040 bytes...
I0331 22:03:29.355810 172716032 processor.cc:740] No data in processing queue, waiting...
I0331 22:03:29.357066 175398912 processor.cc:740] No data in processing queue, waiting...
I0331 22:03:29.357367 171642880 processor.cc:740] No data in processing queue, waiting...
I0331 22:03:29.357827 170569728 processor.cc:740] No data in processing queue, waiting...
I0331 22:03:29.359578 174862336 processor.cc:740] No data in processing queue, waiting...
W0331 22:08:19.139000 54322688 check_messages.h:1082] ThetaMatrix.topic_name_size is empty
I0331 22:08:19.139777 54322688 c_interface.cc:231] ArtmCopyRequestedMessage is copying 0 bytes...
W0331 22:08:19.139971 54322688 check_messages.h:1082] ThetaMatrix.topic_name_size is empty
I0331 22:08:19.140033 54322688 c_interface.cc:231] ArtmCopyRequestedMessage is copying 0 bytes...
I0331 22:08:19.140236 54322688 c_interface.cc:236] ArtmCopyRequestedObject is copying 0 bytes...
I0331 22:08:45.221905 54322688 c_interface.cc:231] ArtmCopyRequestedMessage is copying 841 bytes...
I0331 22:08:45.224582 54322688 phi_matrix_operations.cc:84] RetrieveExternalTopicModel() with 10 topics, 16099 tokens
I0331 22:08:45.235227 54322688 c_interface.cc:231] ArtmCopyRequestedMessage is copying 477630 bytes...
I0331 22:08:45.241726 54322688 phi_matrix_operations.cc:84] RetrieveExternalTopicModel() with 10 topics, 16099 tokens
I0331 22:08:45.246999 54322688 c_interface.cc:231] ArtmCopyRequestedMessage is copying 413234 bytes...
I0331 22:08:45.250591 54322688 c_interface.cc:236] ArtmCopyRequestedObject is copying 643960 bytes...
E0331 22:08:52.655010 54322688 c_interface.cc:59] InternalError :  theta_matrix->topic_indices_size() == 0
